******************************************************************************
             TMS320C2000 Linker PC v18.12.2                    
******************************************************************************
>> Linked Sat Oct 26 11:45:29 2019

OUTPUT FILE NAME:   <REV_bldc.out>
ENTRY POINT SYMBOL: "code_start"  address: 00000000


MEMORY CONFIGURATION

         name            origin    length      used     unused   attr    fill
----------------------  --------  ---------  --------  --------  ----  --------
PAGE 0:
  BEGIN                 00000000   00000002  00000002  00000000  RWIX
  RAMM0                 000000f5   0000030b  00000140  000001cb  RWIX
  RAMLS0                00008000   00000800  00000800  00000000  RWIX
  RAMLS1                00008800   00000800  000001e2  0000061e  RWIX
  RAMLS2                00009000   00000800  00000000  00000800  RWIX
  RAMLS3                00009800   00000800  00000000  00000800  RWIX
  RAMLS4                0000a000   00000800  00000000  00000800  RWIX
  FLASH_BANK0_SEC0      00080000   00001000  00000000  00001000  RWIX
  FLASH_BANK0_SEC1      00081000   00001000  00000000  00001000  RWIX
  FLASH_BANK0_SEC2      00082000   00001000  00000000  00001000  RWIX
  FLASH_BANK0_SEC3      00083000   00001000  00000000  00001000  RWIX
  FLASH_BANK0_SEC4      00084000   00001000  00000000  00001000  RWIX
  FLASH_BANK0_SEC5      00085000   00001000  00000000  00001000  RWIX
  FLASH_BANK0_SEC6      00086000   00001000  00000000  00001000  RWIX
  FLASH_BANK0_SEC7      00087000   00001000  00000000  00001000  RWIX
  FLASH_BANK0_SEC8      00088000   00001000  00000000  00001000  RWIX
  FLASH_BANK0_SEC9      00089000   00001000  00000000  00001000  RWIX
  FLASH_BANK0_SEC10     0008a000   00001000  00000000  00001000  RWIX
  FLASH_BANK0_SEC11     0008b000   00001000  00000000  00001000  RWIX
  FLASH_BANK0_SEC12     0008c000   00001000  00000000  00001000  RWIX
  FLASH_BANK0_SEC13     0008d000   00001000  00000000  00001000  RWIX
  FLASH_BANK0_SEC14     0008e000   00001000  00000000  00001000  RWIX
  FLASH_BANK0_SEC15     0008f000   00001000  00000000  00001000  RWIX
  FLASH_BANK1_SEC0      00090000   00001000  00000000  00001000  RWIX
  FLASH_BANK1_SEC1      00091000   00001000  00000000  00001000  RWIX
  FLASH_BANK1_SEC2      00092000   00001000  00000000  00001000  RWIX
  FLASH_BANK1_SEC3      00093000   00001000  00000000  00001000  RWIX
  FLASH_BANK1_SEC4      00094000   00001000  00000000  00001000  RWIX
  FLASH_BANK1_SEC5      00095000   00001000  00000000  00001000  RWIX
  FLASH_BANK1_SEC6      00096000   00001000  00000000  00001000  RWIX
  FLASH_BANK1_SEC7      00097000   00001000  00000000  00001000  RWIX
  FLASH_BANK1_SEC8      00098000   00001000  00000000  00001000  RWIX
  FLASH_BANK1_SEC9      00099000   00001000  00000000  00001000  RWIX
  FLASH_BANK1_SEC10     0009a000   00001000  00000000  00001000  RWIX
  FLASH_BANK1_SEC11     0009b000   00001000  00000000  00001000  RWIX
  FLASH_BANK1_SEC12     0009c000   00001000  00000000  00001000  RWIX
  FLASH_BANK1_SEC13     0009d000   00001000  00000000  00001000  RWIX
  FLASH_BANK1_SEC14     0009e000   00001000  00000000  00001000  RWIX
  FLASH_BANK1_SEC15     0009f000   00001000  00000000  00001000  RWIX
  RESET                 003fffc0   00000002  00000000  00000002  RWIX

PAGE 1:
  BOOT_RSVD             00000002   000000f3  00000000  000000f3  RWIX
  RAMM1                 00000400   00000400  00000100  00000300  RWIX
  RAMLS5                0000a800   00000800  00000269  00000597  RWIX
  RAMLS6                0000b000   00000800  00000000  00000800  RWIX
  RAMLS7                0000b800   00000800  00000000  00000800  RWIX
  RAMGS0                0000c000   00002000  00000000  00002000  RWIX
  RAMGS1                0000e000   00002000  00000000  00002000  RWIX
  RAMGS2                00010000   00002000  00000000  00002000  RWIX
  RAMGS3                00012000   00002000  00000000  00002000  RWIX


SECTION ALLOCATION MAP

 output                                  attributes/
section   page    origin      length       input sections
--------  ----  ----------  ----------   ----------------
codestart 
*          0    00000000    00000002     
                  00000000    00000002     f28004x_codestartbranch.obj (codestart)

.TI.ramfunc 
*          0    000000f5    00000130     
                  000000f5    00000044     driverlib_eabi.lib : flash.obj (.TI.ramfunc:Flash_initModule)
                  00000139    0000002d                        : flash.obj (.TI.ramfunc:Flash_setBankPowerMode)
                  00000166    00000026                        : flash.obj (.TI.ramfunc:Flash_setWaitstates)
                  0000018c    0000001e                        : flash.obj (.TI.ramfunc:Flash_setPumpPowerMode)
                  000001aa    00000018                        : flash.obj (.TI.ramfunc:Flash_disableCache)
                  000001c2    00000018                        : flash.obj (.TI.ramfunc:Flash_disablePrefetch)
                  000001da    00000018                        : flash.obj (.TI.ramfunc:Flash_enableCache)
                  000001f2    00000018                        : flash.obj (.TI.ramfunc:Flash_enablePrefetch)
                  0000020a    00000017                        : flash.obj (.TI.ramfunc:Flash_enableECC)
                  00000221    00000004                        : sysctl.obj (.TI.ramfunc)

.cinit     0    00000228    00000010     
                  00000228    00000008     (.cinit..data.load) [load image, compression = lzss]
                  00000230    00000004     (__TI_handler_table)
                  00000234    00000004     (__TI_cinit_table)

.reset     0    003fffc0    00000000     DSECT

.stack     1    00000400    00000100     UNINITIALIZED
                  00000400    00000100     --HOLE--

.init_array 
*          0    000000f5    00000000     UNINITIALIZED

.const     1    0000a800    0000025f     
                  0000a800    000000c4     driverlib_eabi.lib : flash.obj (.const:.string)
                  0000a8c4    000000c3                        : gpio.obj (.const:.string)
                  0000a987    00000001     --HOLE-- [fill = 0]
                  0000a988    000000c3                        : sysctl.obj (.const:.string)
                  0000aa4b    00000001     --HOLE-- [fill = 0]
                  0000aa4c    00000013     device.obj (.const:.string)

.data      1    0000aa60    0000000a     UNINITIALIZED
                  0000aa60    00000006     rts2800_fpu32_eabi.lib : exit.c.obj (.data)
                  0000aa66    00000002                            : _lock.c.obj (.data:_lock)
                  0000aa68    00000002                            : _lock.c.obj (.data:_unlock)

.text.1    0    00008000    00000800     
                  00008000    00000172     device.obj (.text)
                  00008172    000000e5     REV_bldc_6step.obj (.text)
                  00008257    000000b6     driverlib_eabi.lib : sysctl.obj (.text:SysCtl_setClock)
                  0000830d    0000009b                        : sysctl.obj (.text:SysCtl_isPLLValid)
                  000083a8    00000056                        : sysctl.obj (.text:DCC_setCounterSeeds)
                  000083fe    00000056                        : sysctl.obj (.text:SysCtl_selectOscSource)
                  00008454    00000052                        : gpio.obj (.text:GPIO_setPadConfig)
                  000084a6    00000051                        : sysctl.obj (.text:SysCtl_getClock)
                  000084f7    0000003d                        : interrupt.obj (.text:Interrupt_initModule)
                  00008534    0000003c                        : gpio.obj (.text:GPIO_setQualificationPeriod)
                  00008570    00000038                        : gpio.obj (.text:GPIO_setQualificationMode)
                  000085a8    00000037                        : gpio.obj (.text:GPIO_setPinConfig)
                  000085df    00000034                        : gpio.obj (.text:GPIO_setInterruptPin)
                  00008613    00000034                        : interrupt.obj (.text:Interrupt_enable)
                  00008647    00000031                        : gpio.obj (.text:GPIO_setDirectionMode)
                  00008678    00000031     rts2800_fpu32_eabi.lib : copy_decompress_lzss.c.obj (.text:decompress:lzss)
                  000086a9    0000002e     REV_bldc_6step.obj (.text:retain)
                  000086d7    0000002b     rts2800_fpu32_eabi.lib : autoinit.c.obj (.text:__TI_auto_init_nobinit_nopinit)
                  00008702    00000029                            : exit.c.obj (.text)
                  0000872b    00000025     driverlib_eabi.lib : sysctl.obj (.text:DCC_enableSingleShotMode)
                  00008750    00000024                        : sysctl.obj (.text:SysCtl_selectXTAL)
                  00008774    00000022                        : sysctl.obj (.text:SysCtl_pollX1Counter)
                  00008796    00000021                        : gpio.obj (.text:XBAR_setInputPin)
                  000087b7    00000020                        : interrupt.obj (.text:Interrupt_initVectorTable)
                  000087d7    0000001f                        : sysctl.obj (.text:DCC_setCounter1ClkSource)
                  000087f6    00000009     rts2800_fpu32_eabi.lib : _lock.c.obj (.text)
                  000087ff    00000001                            : startup.c.obj (.text)

.text.2    0    00008800    000001e2     
                  00008800    0000001d     driverlib_eabi.lib : sysctl.obj (.text:DCC_setCounter0ClkSource)
                  0000881d    0000001d     rts2800_fpu32_eabi.lib : memcpy.c.obj (.text)
                  0000883a    0000001a     driverlib_eabi.lib : sysctl.obj (.text:SysCtl_getLowSpeedClock)
                  00008854    0000001a                        : sysctl.obj (.text:SysCtl_selectXTALSingleEnded)
                  0000886e    00000017                        : sysctl.obj (.text:DCC_disableDoneSignal)
                  00008885    00000017                        : sysctl.obj (.text:DCC_enableDoneSignal)
                  0000889c    00000017                        : sysctl.obj (.text:SysCtl_enablePeripheral)
                  000088b3    00000017     rts2800_fpu32_eabi.lib : boot28.asm.obj (.text)
                  000088ca    00000016     driverlib_eabi.lib : sysctl.obj (.text:DCC_clearDoneFlag)
                  000088e0    00000016                        : sysctl.obj (.text:DCC_clearErrorFlag)
                  000088f6    00000016                        : sysctl.obj (.text:DCC_disableErrorSignal)
                  0000890c    00000016                        : sysctl.obj (.text:DCC_enableErrorSignal)
                  00008922    00000014                        : sysctl.obj (.text:DCC_disableModule)
                  00008936    00000014                        : sysctl.obj (.text:DCC_enableModule)
                  0000894a    00000014                        : gpio.obj (.text:GPIO_isPinValid)
                  0000895e    00000010                        : sysctl.obj (.text:DCC_isBaseValid)
                  0000896e    00000010                        : flash.obj (.text:Flash_isCtrlBaseValid)
                  0000897e    00000010                        : flash.obj (.text:Flash_isECCBaseValid)
                  0000898e    0000000e                        : interrupt.obj (.text:Interrupt_defaultHandler)
                  0000899c    0000000d                        : interrupt.obj (.text:Interrupt_disableMaster)
                  000089a9    0000000d                        : interrupt.obj (.text:Interrupt_enableMaster)
                  000089b6    0000000c     rts2800_fpu32_eabi.lib : args_main.c.obj (.text)
                  000089c2    0000000b     driverlib_eabi.lib : sysctl.obj (.text:SysCtl_isMCDClockFailureDetected)
                  000089cd    00000008     rts2800_fpu32_eabi.lib : copy_decompress_none.c.obj (.text:decompress:none)
                  000089d5    00000007     driverlib_eabi.lib : sysctl.obj (.text:SysCtl_resetMCD)
                  000089dc    00000002                        : interrupt.obj (.text:Interrupt_illegalOperationHandler)
                  000089de    00000002                        : interrupt.obj (.text:Interrupt_nmiHandler)
                  000089e0    00000002     rts2800_fpu32_eabi.lib : pre_init.c.obj (.text)

MODULE SUMMARY

       Module                        code   ro data   rw data
       ------                        ----   -------   -------
    .\
       REV_bldc_6step.obj            275    0         0      
    +--+-----------------------------+------+---------+---------+
       Total:                        275    0         0      
                                                             
    .\device\
       device.obj                    370    19        0      
       f28004x_codestartbranch.obj   2      0         0      
    +--+-----------------------------+------+---------+---------+
       Total:                        372    19        0      
                                                             
    C:\ti\C2000Ware_2_00_00_03_Software\driverlib\f28004x\driverlib\ccs\Debug\driverlib_eabi.lib
       sysctl.obj                    1044   195       0      
       gpio.obj                      407    195       0      
       flash.obj                     332    196       0      
       interrupt.obj                 189    0         0      
    +--+-----------------------------+------+---------+---------+
       Total:                        1972   586       0      
                                                             
    C:\ti\ccs910\ccs\tools\compiler\ti-cgt-c2000_18.12.2.LTS\lib\rts2800_fpu32_eabi.lib
       copy_decompress_lzss.c.obj    49     0         0      
       exit.c.obj                    41     0         6      
       autoinit.c.obj                43     0         0      
       memcpy.c.obj                  29     0         0      
       boot28.asm.obj                23     0         0      
       _lock.c.obj                   9      0         4      
       args_main.c.obj               12     0         0      
       copy_decompress_none.c.obj    8      0         0      
       pre_init.c.obj                2      0         0      
       startup.c.obj                 1      0         0      
    +--+-----------------------------+------+---------+---------+
       Total:                        217    0         10     
                                                             
       Stack:                        0      0         256    
       Linker Generated:             0      16        0      
    +--+-----------------------------+------+---------+---------+
       Grand Total:                  2836   621       266    


LINKER GENERATED COPY TABLES

__TI_cinit_table @ 00000234 records: 1, size/record: 4, table size: 4
	.data: load addr=00000228, load size=00000008 bytes, run addr=0000aa60, run size=0000000a bytes, compression=lzss


LINKER GENERATED HANDLER TABLE

__TI_handler_table @ 00000230 records: 2, size/record: 2, table size: 4
	index: 0, handler: __TI_decompress_lzss
	index: 1, handler: __TI_decompress_none


GLOBAL DATA SYMBOLS: SORTED BY DATA PAGE

address     data page           name
--------    ----------------    ----
00000400      10 (00000400)     __stack

0000aa60     2a9 (0000aa40)     __TI_enable_exit_profile_output
0000aa62     2a9 (0000aa40)     __TI_cleanup_ptr
0000aa64     2a9 (0000aa40)     __TI_dtors_ptr
0000aa66     2a9 (0000aa40)     _lock
0000aa68     2a9 (0000aa40)     _unlock


GLOBAL SYMBOLS: SORTED ALPHABETICALLY BY Name 

page  address   name                           
----  -------   ----                           
0     00008702  C$$EXIT                        
0     0000807e  Device_enableAllPeripherals    
0     00008042  Device_init                    
0     0000815b  Device_initGPIO                
0     000000f5  Flash_initModule               
0     00008647  GPIO_setDirectionMode          
0     000085df  GPIO_setInterruptPin           
0     00008454  GPIO_setPadConfig              
0     000085a8  GPIO_setPinConfig              
0     00008570  GPIO_setQualificationMode      
0     00008534  GPIO_setQualificationPeriod    
0     00008613  Interrupt_enable               
0     000084f7  Interrupt_initModule           
0     000087b7  Interrupt_initVectorTable      
0     000086a9  NFAULT_ISR                     
0     00000221  SysCtl_delay                   
0     000084a6  SysCtl_getClock                
0     0000883a  SysCtl_getLowSpeedClock        
0     0000830d  SysCtl_isPLLValid              
0     000083fe  SysCtl_selectOscSource         
0     00008750  SysCtl_selectXTAL              
0     00008854  SysCtl_selectXTALSingleEnded   
0     00008257  SysCtl_setClock                
0     00000234  __TI_CINIT_Base                
0     00000238  __TI_CINIT_Limit               
0     00000230  __TI_Handler_Table_Base        
0     00000234  __TI_Handler_Table_Limit       
1     00000500  __TI_STACK_END                 
abs   00000100  __TI_STACK_SIZE                
0     000086d7  __TI_auto_init_nobinit_nopinit 
1     0000aa62  __TI_cleanup_ptr               
0     00008678  __TI_decompress_lzss           
0     000089cd  __TI_decompress_none           
1     0000aa64  __TI_dtors_ptr                 
1     0000aa60  __TI_enable_exit_profile_output
abs   ffffffff  __TI_pprof_out_hndl            
abs   ffffffff  __TI_prof_data_size            
abs   ffffffff  __TI_prof_data_start           
n/a   UNDEFED   __c_args__                     
0     0000816b  __error__                      
1     00000400  __stack                        
0     000089b6  _args_main                     
0     000088b3  _c_int00                       
1     0000aa66  _lock                          
0     000087fe  _nop                           
0     000087fa  _register_lock                 
0     000087f6  _register_unlock               
0     000087ff  _system_post_cinit             
0     000089e0  _system_pre_init               
1     0000aa68  _unlock                        
0     00008702  abort                          
0     00000000  code_start                     
0     00008704  exit                           
0     00008197  main                           
0     0000881d  memcpy                         
0     000081a2  setupGPIO                      


GLOBAL SYMBOLS: SORTED BY Symbol Address 

page  address   name                           
----  -------   ----                           
0     00000000  code_start                     
0     000000f5  Flash_initModule               
0     00000221  SysCtl_delay                   
0     00000230  __TI_Handler_Table_Base        
0     00000234  __TI_CINIT_Base                
0     00000234  __TI_Handler_Table_Limit       
0     00000238  __TI_CINIT_Limit               
0     00008042  Device_init                    
0     0000807e  Device_enableAllPeripherals    
0     0000815b  Device_initGPIO                
0     0000816b  __error__                      
0     00008197  main                           
0     000081a2  setupGPIO                      
0     00008257  SysCtl_setClock                
0     0000830d  SysCtl_isPLLValid              
0     000083fe  SysCtl_selectOscSource         
0     00008454  GPIO_setPadConfig              
0     000084a6  SysCtl_getClock                
0     000084f7  Interrupt_initModule           
0     00008534  GPIO_setQualificationPeriod    
0     00008570  GPIO_setQualificationMode      
0     000085a8  GPIO_setPinConfig              
0     000085df  GPIO_setInterruptPin           
0     00008613  Interrupt_enable               
0     00008647  GPIO_setDirectionMode          
0     00008678  __TI_decompress_lzss           
0     000086a9  NFAULT_ISR                     
0     000086d7  __TI_auto_init_nobinit_nopinit 
0     00008702  C$$EXIT                        
0     00008702  abort                          
0     00008704  exit                           
0     00008750  SysCtl_selectXTAL              
0     000087b7  Interrupt_initVectorTable      
0     000087f6  _register_unlock               
0     000087fa  _register_lock                 
0     000087fe  _nop                           
0     000087ff  _system_post_cinit             
0     0000881d  memcpy                         
0     0000883a  SysCtl_getLowSpeedClock        
0     00008854  SysCtl_selectXTALSingleEnded   
0     000088b3  _c_int00                       
0     000089b6  _args_main                     
0     000089cd  __TI_decompress_none           
0     000089e0  _system_pre_init               
1     00000400  __stack                        
1     00000500  __TI_STACK_END                 
1     0000aa60  __TI_enable_exit_profile_output
1     0000aa62  __TI_cleanup_ptr               
1     0000aa64  __TI_dtors_ptr                 
1     0000aa66  _lock                          
1     0000aa68  _unlock                        
abs   00000100  __TI_STACK_SIZE                
abs   ffffffff  __TI_pprof_out_hndl            
abs   ffffffff  __TI_prof_data_size            
abs   ffffffff  __TI_prof_data_start           
n/a   UNDEFED   __c_args__                     

[56 symbols]
